// Jest Snapshot v1, https://goo.gl/fbAQLP

exports[`>>> Search --- Snapshot +++capturing Snapshot of Search 1`] = `
<form
  onSubmit={[Function]}
>
  <div
    className="dp-pc_field"
  >
    <label
      htmlFor="field_1"
    >
      
    </label>
    <input
      id="field_1"
      label=""
      name="search"
      onBlur={[Function]}
      onChange={[Function]}
      type="search"
      value="Test search"
    />
  </div>
</form>
`;
