// Jest Snapshot v1, https://goo.gl/fbAQLP

exports[`>>> Password --- Snapshot +++capturing Snapshot of Password 1`] = `
<form
  onSubmit={[Function]}
>
  <div
    className="dp-pc_field"
  >
    <input
      name="password"
      onBlur={[Function]}
      onChange={[Function]}
      type="password"
      value="password1234"
    />
  </div>
</form>
`;
