// Jest Snapshot v1, https://goo.gl/fbAQLP

exports[`>>> Radio --- Snapshot +++capturing Snapshot of Radio 1`] = `
<form
  onSubmit={[Function]}
>
  <div
    className="dp-pc_field"
  >
    <label
      htmlFor="field_1"
    >
      
    </label>
    <div
      label=""
    >
      <div>
        <label
          htmlFor="null-first"
        >
          <input
            checked={true}
            id="null-first"
            name="radio"
            onBlur={[Function]}
            onChange={[Function]}
            type="radio"
            value="first"
          />
           
          First
        </label>
      </div>
      <div>
        <label
          htmlFor="null-second"
        >
          <input
            checked={false}
            id="null-second"
            name="radio"
            onBlur={[Function]}
            onChange={[Function]}
            type="radio"
            value="second"
          />
           
          Second
        </label>
      </div>
      <div>
        <label
          htmlFor="null-last"
        >
          <input
            checked={false}
            id="null-last"
            name="radio"
            onBlur={[Function]}
            onChange={[Function]}
            type="radio"
            value="last"
          />
           
          Last
        </label>
      </div>
    </div>
  </div>
</form>
`;
