// Jest Snapshot v1, https://goo.gl/fbAQLP

exports[`>>> Radio --- Snapshot +++capturing Snapshot of Radio 1`] = `
<form
  onSubmit={[Function]}
>
  <div
    className="dp-pc_field"
  >
    <div>
      <div>
        <label
          htmlFor="id1-first"
        >
          <input
            checked={true}
            id="id1-first"
            name="radio"
            onBlur={[Function]}
            onChange={[Function]}
            type="radio"
            value="first"
          />
           
          First
        </label>
      </div>
      <div>
        <label
          htmlFor="id1-second"
        >
          <input
            checked={false}
            id="id1-second"
            name="radio"
            onBlur={[Function]}
            onChange={[Function]}
            type="radio"
            value="second"
          />
           
          Second
        </label>
      </div>
      <div>
        <label
          htmlFor="id1-last"
        >
          <input
            checked={false}
            id="id1-last"
            name="radio"
            onBlur={[Function]}
            onChange={[Function]}
            type="radio"
            value="last"
          />
           
          Last
        </label>
      </div>
    </div>
  </div>
</form>
`;
